2026-09-01 08:00:01 login: session opened for user Thandi
2026-09-01 08:01:12 login: session opened for user Sipho
2026-09-01 08:02:30 Failed login for user thandi from room1 pc04
2026-09-01 08:03:05 printer: the paper tray is empty in the office
2026-09-01 08:04:44 wifi: error on router in block B
2026-09-01 08:05:10 login: session closed for user Sipho
2026-09-01 08:06:33 Failed login for user Themba from library pc02
2026-09-01 08:07:19 records: then we printed the mark sheet for grade 12
2026-09-01 08:08:02 login: ROOT LOGIN ON pts1
2026-09-01 08:09:55 backup: that job finished ok at 08:09
2026-09-01 08:11:20 wifi: ERROR on access point in hall
2026-09-01 08:12:41 login: session opened for user Ayesha
2026-09-01 08:13:03 printer: them sheets are stuck again
2026-09-01 08:14:27 Failed login for user ayesha from room2 pc07
2026-09-01 08:15:00 records: those files were moved to office pc01
2026-09-01 08:16:12 login: session opened for user Patrick
2026-09-01 08:17:44 error: disk shelf near full on office pc01
2026-09-01 08:18:10 login: session closed for user Patrick
2026-09-01 08:19:33 wifi: that cable in room1 looks loose
2026-09-01 08:20:05 Failed login for user Sipho from room1 pc04
2026-09-01 08:21:40 printer: THE TONER IS LOW
2026-09-01 08:22:15 login: session opened for user Thandi
2026-09-01 08:23:30 records: that mark sheet had the wrong total
2026-09-01 08:24:02 Error: failed to save file for user Thandi
2026-09-01 08:25:19 login: session closed for user Ayesha
2026-09-01 08:26:44 wifi: then router dropped again
2026-09-01 08:27:10 login: session opened for user Themba
2026-09-01 08:28:33 FAILED login for user admin from office pc01
2026-09-01 08:29:05 printer: the queue is clear now
2026-09-01 08:30:22 login: session closed for user Themba
